[INFO] Scanning for projects...
[INFO] 
[INFO] ---------------------< Hospital:Hospisync-backend >---------------------
[INFO] Building Hospisync-backend 0.0.1-SNAPSHOT
[INFO]   from pom.xml
[INFO] --------------------------------[ jar ]---------------------------------
[INFO] 
[INFO] --- resources:3.3.1:resources (default-resources) @ Hospisync-backend ---
[INFO] Copying 1 resource from src\main\resources to target\classes
[INFO] Copying 17 resources from src\main\resources to target\classes
[INFO] 
[INFO] --- compiler:3.11.0:compile (default-compile) @ Hospisync-backend ---
[INFO] Changes detected - recompiling the module! :source
[INFO] Compiling 68 source files with javac [debug release 21] to target\classes
[INFO] -------------------------------------------------------------
[ERROR] COMPILATION ERROR : 
[INFO] -------------------------------------------------------------
[ERROR] /D:/Porject using antigravity/Hospisync-backend/Hospisync-backend/src/main/java/hospital/Hospisync_backend/security/SecurityConfig.java:[1,1] illegal character: '\ufeff'
[ERROR] /D:/Porject using antigravity/Hospisync-backend/Hospisync-backend/src/main/java/hospital/Hospisync_backend/security/SecurityConfig.java:[1,10] class, interface, enum, or record expected
[ERROR] /D:/Porject using antigravity/Hospisync-backend/Hospisync-backend/src/main/java/hospital/Hospisync_backend/security/SecurityConfig.java:[3,1] class, interface, enum, or record expected
[ERROR] /D:/Porject using antigravity/Hospisync-backend/Hospisync-backend/src/main/java/hospital/Hospisync_backend/security/SecurityConfig.java:[4,1] class, interface, enum, or record expected
[ERROR] /D:/Porject using antigravity/Hospisync-backend/Hospisync-backend/src/main/java/hospital/Hospisync_backend/security/SecurityConfig.java:[5,1] class, interface, enum, or record expected
[ERROR] /D:/Porject using antigravity/Hospisync-backend/Hospisync-backend/src/main/java/hospital/Hospisync_backend/security/SecurityConfig.java:[6,1] class, interface, enum, or record expected
[ERROR] /D:/Porject using antigravity/Hospisync-backend/Hospisync-backend/src/main/java/hospital/Hospisync_backend/security/SecurityConfig.java:[7,1] class, interface, enum, or record expected
[ERROR] /D:/Porject using antigravity/Hospisync-backend/Hospisync-backend/src/main/java/hospital/Hospisync_backend/security/SecurityConfig.java:[8,1] class, interface, enum, or record expected
[ERROR] /D:/Porject using antigravity/Hospisync-backend/Hospisync-backend/src/main/java/hospital/Hospisync_backend/security/SecurityConfig.java:[9,1] class, interface, enum, or record expected
[ERROR] /D:/Porject using antigravity/Hospisync-backend/Hospisync-backend/src/main/java/hospital/Hospisync_backend/security/SecurityConfig.java:[10,1] class, interface, enum, or record expected
[ERROR] /D:/Porject using antigravity/Hospisync-backend/Hospisync-backend/src/main/java/hospital/Hospisync_backend/security/SecurityConfig.java:[11,1] class, interface, enum, or record expected
[ERROR] /D:/Porject using antigravity/Hospisync-backend/Hospisync-backend/src/main/java/hospital/Hospisync_backend/security/SecurityConfig.java:[12,1] class, interface, enum, or record expected
[ERROR] /D:/Porject using antigravity/Hospisync-backend/Hospisync-backend/src/main/java/hospital/Hospisync_backend/security/SecurityConfig.java:[13,1] class, interface, enum, or record expected
[ERROR] /D:/Porject using antigravity/Hospisync-backend/Hospisync-backend/src/main/java/hospital/Hospisync_backend/security/SecurityConfig.java:[14,1] class, interface, enum, or record expected
[ERROR] /D:/Porject using antigravity/Hospisync-backend/Hospisync-backend/src/main/java/hospital/Hospisync_backend/security/SecurityConfig.java:[15,1] class, interface, enum, or record expected
[ERROR] /D:/Porject using antigravity/Hospisync-backend/Hospisync-backend/src/main/java/hospital/Hospisync_backend/security/SecurityConfig.java:[16,1] class, interface, enum, or record expected
[ERROR] /D:/Porject using antigravity/Hospisync-backend/Hospisync-backend/src/main/java/hospital/Hospisync_backend/security/SecurityConfig.java:[17,1] class, interface, enum, or record expected
[ERROR] /D:/Porject using antigravity/Hospisync-backend/Hospisync-backend/src/main/java/hospital/Hospisync_backend/security/SecurityConfig.java:[19,1] class, interface, enum, or record expected
[INFO] 18 errors 
[INFO] -------------------------------------------------------------
[INFO] ------------------------------------------------------------------------
[INFO] BUILD FAILURE
[INFO] ------------------------------------------------------------------------
[INFO] Total time:  2.723 s
[INFO] Finished at: 2026-03-22T22:18:45+05:30
[INFO] ------------------------------------------------------------------------
[ERROR] Failed to execute goal org.apache.maven.plugins:maven-compiler-plugin:3.11.0:compile (default-compile) on project Hospisync-backend: Compilation failure: Compilation failure: 
[ERROR] /D:/Porject using antigravity/Hospisync-backend/Hospisync-backend/src/main/java/hospital/Hospisync_backend/security/SecurityConfig.java:[1,1] illegal character: '\ufeff'
[ERROR] /D:/Porject using antigravity/Hospisync-backend/Hospisync-backend/src/main/java/hospital/Hospisync_backend/security/SecurityConfig.java:[1,10] class, interface, enum, or record expected
[ERROR] /D:/Porject using antigravity/Hospisync-backend/Hospisync-backend/src/main/java/hospital/Hospisync_backend/security/SecurityConfig.java:[3,1] class, interface, enum, or record expected
[ERROR] /D:/Porject using antigravity/Hospisync-backend/Hospisync-backend/src/main/java/hospital/Hospisync_backend/security/SecurityConfig.java:[4,1] class, interface, enum, or record expected
[ERROR] /D:/Porject using antigravity/Hospisync-backend/Hospisync-backend/src/main/java/hospital/Hospisync_backend/security/SecurityConfig.java:[5,1] class, interface, enum, or record expected
[ERROR] /D:/Porject using antigravity/Hospisync-backend/Hospisync-backend/src/main/java/hospital/Hospisync_backend/security/SecurityConfig.java:[6,1] class, interface, enum, or record expected
[ERROR] /D:/Porject using antigravity/Hospisync-backend/Hospisync-backend/src/main/java/hospital/Hospisync_backend/security/SecurityConfig.java:[7,1] class, interface, enum, or record expected
[ERROR] /D:/Porject using antigravity/Hospisync-backend/Hospisync-backend/src/main/java/hospital/Hospisync_backend/security/SecurityConfig.java:[8,1] class, interface, enum, or record expected
[ERROR] /D:/Porject using antigravity/Hospisync-backend/Hospisync-backend/src/main/java/hospital/Hospisync_backend/security/SecurityConfig.java:[9,1] class, interface, enum, or record expected
[ERROR] /D:/Porject using antigravity/Hospisync-backend/Hospisync-backend/src/main/java/hospital/Hospisync_backend/security/SecurityConfig.java:[10,1] class, interface, enum, or record expected
[ERROR] /D:/Porject using antigravity/Hospisync-backend/Hospisync-backend/src/main/java/hospital/Hospisync_backend/security/SecurityConfig.java:[11,1] class, interface, enum, or record expected
[ERROR] /D:/Porject using antigravity/Hospisync-backend/Hospisync-backend/src/main/java/hospital/Hospisync_backend/security/SecurityConfig.java:[12,1] class, interface, enum, or record expected
[ERROR] /D:/Porject using antigravity/Hospisync-backend/Hospisync-backend/src/main/java/hospital/Hospisync_backend/security/SecurityConfig.java:[13,1] class, interface, enum, or record expected
[ERROR] /D:/Porject using antigravity/Hospisync-backend/Hospisync-backend/src/main/java/hospital/Hospisync_backend/security/SecurityConfig.java:[14,1] class, interface, enum, or record expected
[ERROR] /D:/Porject using antigravity/Hospisync-backend/Hospisync-backend/src/main/java/hospital/Hospisync_backend/security/SecurityConfig.java:[15,1] class, interface, enum, or record expected
[ERROR] /D:/Porject using antigravity/Hospisync-backend/Hospisync-backend/src/main/java/hospital/Hospisync_backend/security/SecurityConfig.java:[16,1] class, interface, enum, or record expected
[ERROR] /D:/Porject using antigravity/Hospisync-backend/Hospisync-backend/src/main/java/hospital/Hospisync_backend/security/SecurityConfig.java:[17,1] class, interface, enum, or record expected
[ERROR] /D:/Porject using antigravity/Hospisync-backend/Hospisync-backend/src/main/java/hospital/Hospisync_backend/security/SecurityConfig.java:[19,1] class, interface, enum, or record expected
[ERROR] -> [Help 1]
[ERROR] 
[ERROR] To see the full stack trace of the errors, re-run Maven with the -e switch.
[ERROR] Re-run Maven using the -X switch to enable full debug logging.
[ERROR] 
[ERROR] For more information about the errors and possible solutions, please read the following articles:
[ERROR] [Help 1] http://cwiki.apache.org/confluence/display/MAVEN/MojoFailureException
