[INFO] Scanning for projects...
[INFO] 
[INFO] ---------------------< Hospital:Hospisync-backend >---------------------
[INFO] Building Hospisync-backend 0.0.1-SNAPSHOT
[INFO]   from pom.xml
[INFO] --------------------------------[ jar ]---------------------------------
[INFO] 
[INFO] --- resources:3.3.1:resources (default-resources) @ Hospisync-backend ---
[INFO] Copying 1 resource from src\main\resources to target\classes
[INFO] Copying 14 resources from src\main\resources to target\classes
[INFO] 
[INFO] --- compiler:3.11.0:compile (default-compile) @ Hospisync-backend ---
[INFO] Changes detected - recompiling the module! :source
[INFO] Compiling 61 source files with javac [debug release 21] to target\classes
[INFO] -------------------------------------------------------------
[ERROR] COMPILATION ERROR : 
[INFO] -------------------------------------------------------------
[ERROR] /D:/Porject using antigravity/Hospisync-backend/Hospisync-backend/src/main/java/hospital/Hospisync_backend/service/DoctorService.java:[163,5] illegal start of expression
[INFO] 1 error
[INFO] -------------------------------------------------------------
[INFO] ------------------------------------------------------------------------
[INFO] BUILD FAILURE
[INFO] ------------------------------------------------------------------------
[INFO] Total time:  3.529 s
[INFO] Finished at: 2026-03-22T17:57:14+05:30
[INFO] ------------------------------------------------------------------------
[ERROR] Failed to execute goal org.apache.maven.plugins:maven-compiler-plugin:3.11.0:compile (default-compile) on project Hospisync-backend: Compilation failure
[ERROR] /D:/Porject using antigravity/Hospisync-backend/Hospisync-backend/src/main/java/hospital/Hospisync_backend/service/DoctorService.java:[163,5] illegal start of expression
[ERROR] 
[ERROR] -> [Help 1]
[ERROR] 
[ERROR] To see the full stack trace of the errors, re-run Maven with the -e switch.
[ERROR] Re-run Maven using the -X switch to enable full debug logging.
[ERROR] 
[ERROR] For more information about the errors and possible solutions, please read the following articles:
[ERROR] [Help 1] http://cwiki.apache.org/confluence/display/MAVEN/MojoFailureException
